[    1133ms] [ERROR] The source list for the Content Security Policy directive 'object-src' contains an invalid source: '//pages.airtable.com'. It will be ignored. @ https://www.airtable.com/:0
[    1133ms] [ERROR] The source list for the Content Security Policy directive 'object-src' contains an invalid source: '//pages.airtable.com'. It will be ignored. @ https://www.airtable.com/:0
[    2294ms] [ERROR] The source list for the Content Security Policy directive 'object-src' contains an invalid source: '//pages.airtable.com'. It will be ignored. @ https://www.googletagmanager.com/gtm.js?id=GTM-NCLXNTS:270
[    2294ms] [ERROR] The source list for the Content Security Policy directive 'object-src' contains an invalid source: '//pages.airtable.com'. It will be ignored. @ https://www.googletagmanager.com/gtm.js?id=GTM-NCLXNTS:270
[    2295ms] [ERROR] The source list for the Content Security Policy directive 'object-src' contains an invalid source: '//pages.airtable.com'. It will be ignored. @ https://www.googletagmanager.com/gtm.js?id=GTM-NCLXNTS:270
[    2295ms] [ERROR] The source list for the Content Security Policy directive 'object-src' contains an invalid source: '//pages.airtable.com'. It will be ignored. @ https://www.googletagmanager.com/gtm.js?id=GTM-NCLXNTS:270
[    2297ms] [ERROR] The source list for the Content Security Policy directive 'object-src' contains an invalid source: '//pages.airtable.com'. It will be ignored. @ https://www.googletagmanager.com/gtm.js?id=GTM-NCLXNTS:691
[    2297ms] [ERROR] The source list for the Content Security Policy directive 'object-src' contains an invalid source: '//pages.airtable.com'. It will be ignored. @ https://www.googletagmanager.com/gtm.js?id=GTM-NCLXNTS:691
[    3163ms] [WARNING] react-i18next:: useTranslation: You will need to pass in an i18next instance by using initReactI18next {code: NO_I18NEXT_INSTANCE} @ https://www.airtable.com/_next/static/chunks/pages/_app-49fcba4a69077ca8.js:4
[    6138ms] unauthorized
[    6139ms] unauthorized
[   18617ms] [WARNING] The resource https://cdn.intellimize.co/snippet/117868712.js was preloaded using link preload but not used within a few seconds from the window's load event. Please make sure it has an appropriate `as` value and it is preloaded intentionally. @ https://www.airtable.com/:0
[   24615ms] [WARNING] The resource https://cdn.intellimize.co/snippet/117868712.js was preloaded using link preload but not used within a few seconds from the window's load event. Please make sure it has an appropriate `as` value and it is preloaded intentionally. @ https://www.airtable.com/:0
[   30701ms] [WARNING] The resource https://cdn.intellimize.co/snippet/117868712.js was preloaded using link preload but not used within a few seconds from the window's load event. Please make sure it has an appropriate `as` value and it is preloaded intentionally. @ https://www.airtable.com/:0
[   39615ms] [WARNING] The resource https://cdn.intellimize.co/snippet/117868712.js was preloaded using link preload but not used within a few seconds from the window's load event. Please make sure it has an appropriate `as` value and it is preloaded intentionally. @ https://www.airtable.com/:0
[   42645ms] [WARNING] The resource https://cdn.intellimize.co/snippet/117868712.js was preloaded using link preload but not used within a few seconds from the window's load event. Please make sure it has an appropriate `as` value and it is preloaded intentionally. @ https://www.airtable.com/:0
[   45762ms] [WARNING] The resource https://cdn.intellimize.co/snippet/117868712.js was preloaded using link preload but not used within a few seconds from the window's load event. Please make sure it has an appropriate `as` value and it is preloaded intentionally. @ https://www.airtable.com/:0
[   54676ms] [WARNING] The resource https://cdn.intellimize.co/snippet/117868712.js was preloaded using link preload but not used within a few seconds from the window's load event. Please make sure it has an appropriate `as` value and it is preloaded intentionally. @ https://www.airtable.com/:0
[   63701ms] [WARNING] The resource https://cdn.intellimize.co/snippet/117868712.js was preloaded using link preload but not used within a few seconds from the window's load event. Please make sure it has an appropriate `as` value and it is preloaded intentionally. @ https://www.airtable.com/:0
[   72642ms] [WARNING] The resource https://cdn.intellimize.co/snippet/117868712.js was preloaded using link preload but not used within a few seconds from the window's load event. Please make sure it has an appropriate `as` value and it is preloaded intentionally. @ https://www.airtable.com/:0
[   81716ms] [WARNING] The resource https://cdn.intellimize.co/snippet/117868712.js was preloaded using link preload but not used within a few seconds from the window's load event. Please make sure it has an appropriate `as` value and it is preloaded intentionally. @ https://www.airtable.com/:0
[   90646ms] [WARNING] The resource https://cdn.intellimize.co/snippet/117868712.js was preloaded using link preload but not used within a few seconds from the window's load event. Please make sure it has an appropriate `as` value and it is preloaded intentionally. @ https://www.airtable.com/:0
[   99760ms] [WARNING] The resource https://cdn.intellimize.co/snippet/117868712.js was preloaded using link preload but not used within a few seconds from the window's load event. Please make sure it has an appropriate `as` value and it is preloaded intentionally. @ https://www.airtable.com/:0
[  108678ms] [WARNING] The resource https://cdn.intellimize.co/snippet/117868712.js was preloaded using link preload but not used within a few seconds from the window's load event. Please make sure it has an appropriate `as` value and it is preloaded intentionally. @ https://www.airtable.com/:0
[  117634ms] [WARNING] The resource https://cdn.intellimize.co/snippet/117868712.js was preloaded using link preload but not used within a few seconds from the window's load event. Please make sure it has an appropriate `as` value and it is preloaded intentionally. @ https://www.airtable.com/:0
[  126639ms] [WARNING] The resource https://cdn.intellimize.co/snippet/117868712.js was preloaded using link preload but not used within a few seconds from the window's load event. Please make sure it has an appropriate `as` value and it is preloaded intentionally. @ https://www.airtable.com/:0
[  135718ms] [WARNING] The resource https://cdn.intellimize.co/snippet/117868712.js was preloaded using link preload but not used within a few seconds from the window's load event. Please make sure it has an appropriate `as` value and it is preloaded intentionally. @ https://www.airtable.com/:0
[  162676ms] [WARNING] The resource https://cdn.intellimize.co/snippet/117868712.js was preloaded using link preload but not used within a few seconds from the window's load event. Please make sure it has an appropriate `as` value and it is preloaded intentionally. @ https://www.airtable.com/:0
[  189728ms] [WARNING] The resource https://cdn.intellimize.co/snippet/117868712.js was preloaded using link preload but not used within a few seconds from the window's load event. Please make sure it has an appropriate `as` value and it is preloaded intentionally. @ https://www.airtable.com/:0
[  193914ms] [WARNING] The resource https://cdn.intellimize.co/snippet/117868712.js was preloaded using link preload but not used within a few seconds from the window's load event. Please make sure it has an appropriate `as` value and it is preloaded intentionally. @ https://www.airtable.com/:0
